// Jest Snapshot v1, https://goo.gl/fbAQLP

exports[`CompareHeaderInfo check toggle compare dropdown 1`] = `
<li
  class="compare-items"
>
  <span>
    <i
      class="fas fa-balance-scale"
    />
     
    <div
      class="rounded-full bg-red text-white w-6 h-6 text-center text-p4 flex items-center border-white border-solid border-2"
    >
      <transition-stub
        mode="out-in"
        name="fade"
      >
        <span
          class="pt-px flex-1 font-bold leading-none"
        >
          
      0
    
        </span>
      </transition-stub>
    </div>
  </span>
   
  <div
    class="relative cursor-default"
  >
    <transition-stub
      name="fade"
    >
      <div
        class="cursor-pointer absolute top-0 left-0 right-0 bottom-0 text-center"
        style="display: none;"
      >
        <span
          class="fas fa-chevron-down text-red"
        />
      </div>
    </transition-stub>
     
    <transition-stub
      name="fade"
    >
      <div
        class="cursor-pointer absolute top-0 left-0 right-0 bottom-0 text-center"
        style="display: none;"
      >
        <span
          class="fas fa-times text-red"
        />
      </div>
    </transition-stub>
     
    <transition-stub
      name="slide-fade"
    >
      <!---->
    </transition-stub>
  </div>
</li>
`;

exports[`CompareHeaderInfo check toggle compare dropdown 2`] = `
<li
  class="compare-items"
>
  <span>
    <i
      class="fas fa-balance-scale"
    />
     
    <div
      class="rounded-full bg-red text-white w-6 h-6 text-center text-p4 flex items-center border-white border-solid border-2"
    >
      <transition-stub
        mode="out-in"
        name="fade"
      >
        <span
          class="pt-px flex-1 font-bold leading-none"
        >
          
      0
    
        </span>
      </transition-stub>
    </div>
  </span>
   
  <div
    class="relative cursor-default"
  >
    <transition-stub
      name="fade"
    >
      <div
        class="cursor-pointer absolute top-0 left-0 right-0 bottom-0 text-center"
        style="display: none;"
      >
        <span
          class="fas fa-chevron-down text-red"
        />
      </div>
    </transition-stub>
     
    <transition-stub
      name="fade"
    >
      <div
        class="cursor-pointer absolute top-0 left-0 right-0 bottom-0 text-center"
        style="display: none;"
      >
        <span
          class="fas fa-times text-red"
        />
      </div>
    </transition-stub>
     
    <transition-stub
      name="slide-fade"
    >
      <!---->
    </transition-stub>
  </div>
</li>
`;

exports[`CompareHeaderInfo renders default compare header info 1`] = `
<li
  class="compare-items"
>
  <span>
    <i
      class="fas fa-balance-scale"
    />
     
    <div
      class="rounded-full bg-red text-white w-6 h-6 text-center text-p4 flex items-center border-white border-solid border-2"
    >
      <transition-stub
        mode="out-in"
        name="fade"
      >
        <span
          class="pt-px flex-1 font-bold leading-none"
        >
          
      0
    
        </span>
      </transition-stub>
    </div>
  </span>
   
  <div
    class="relative cursor-default"
  >
    <transition-stub
      name="fade"
    >
      <div
        class="cursor-pointer absolute top-0 left-0 right-0 bottom-0 text-center"
        style="display: none;"
      >
        <span
          class="fas fa-chevron-down text-red"
        />
      </div>
    </transition-stub>
     
    <transition-stub
      name="fade"
    >
      <div
        class="cursor-pointer absolute top-0 left-0 right-0 bottom-0 text-center"
        style="display: none;"
      >
        <span
          class="fas fa-times text-red"
        />
      </div>
    </transition-stub>
     
    <transition-stub
      name="slide-fade"
    >
      <!---->
    </transition-stub>
  </div>
</li>
`;
