// Jest Snapshot v1, https://goo.gl/fbAQLP

exports[`DealTab renders default animated image 1`] = `
<div
  class="inactive-tab bg-white w-full px-2 py-3 flex border-b border-r border-grey-l4 cursor-pointer"
>
  <div
    class="w-12 mr-4"
  >
    <avatar-stub
      avatarclasses=""
      class="avatar-active mt-2"
      classes="w-12 h-12"
      rounded="true"
      src=""
      tooltipcolor="light"
      tooltipposition="top"
    />
  </div>
   
  <div
    class="w-3/4 flex flex-col"
  >
    <p
      class="text-h7 lg:text-menu font-medium font-sans leading-tight pt-2"
    >
      
        some title
      
    </p>
     
    <p
      class="text-h7 lg:text-p3 uppercase leading-tight font-sans text-green-d1"
    >
      
      TRANSLATE:app.deals.status.accepted
    
    </p>
     
    <p
      class="text-h7 lg:text-menu text-grey font-medium font-sans leading-tight mt-2"
    >
      
      0 €
    
    </p>
  </div>
</div>
`;

exports[`DealTab renders default animated image 2`] = `
<div
  class="inactive-tab bg-white w-full px-2 py-3 flex border-b border-r border-grey-l4 cursor-pointer"
>
  <div
    class="w-12 mr-4"
  >
    <avatar-stub
      avatarclasses=""
      class="avatar-active mt-2"
      classes="w-12 h-12"
      rounded="true"
      src=""
      tooltipcolor="light"
      tooltipposition="top"
    />
  </div>
   
  <div
    class="w-3/4 flex flex-col"
  >
    <p
      class="text-h7 lg:text-menu font-medium font-sans leading-tight pt-2"
    >
      
        some title
      
    </p>
     
    <p
      class="text-h7 lg:text-p3 uppercase leading-tight font-sans text-green-d1"
    >
      
      TRANSLATE:app.deals.status.accepted
    
    </p>
     
    <p
      class="text-h7 lg:text-menu text-grey font-medium font-sans leading-tight mt-2"
    >
      
      0 €
    
    </p>
  </div>
</div>
`;
