// Jest Snapshot v1, https://goo.gl/fbAQLP

exports[`InventoryItemLightCard renders InventoryItemLightCard 1`] = `
<div
  class="inventory-item-card-light w-full flex flex-wrap h-full relative"
>
  <div
    class="absolute top-0 right-0"
  >
    <span
      class="fas fa-times text-red cursor-pointer"
      data-cy="inventory-item-remove"
    />
  </div>
   
  <div
    class="w-full flex flex-col pt-6"
  >
    <inventory-icon-stub
      category="[object Object]"
      class="h-10 w-10 self-center"
    />
  </div>
   
  <div
    class="w-full items-end"
  >
    <h6
      class="mt-3 leading-tight text-h7"
    >
      
      Name
    
    </h6>
     
    <p
      class="text-grey text-p3 py-2 -mt-2 leading-none"
    >
      
      TRANSLATE:app.marketplace.categories.very
    
    </p>
  </div>
</div>
`;
