// Jest Snapshot v1, https://goo.gl/fbAQLP

exports[`AboutList renders AboutList 1`] = `
<div>
  <profile-header-partial-stub>

    <div
      class="w-full"
    >
      <h3>
        TRANSLATE:app.profile.about.title
      </h3>

      <div
        class="w-full flex mt-8"
      >
        <div
          class="w-1/3 -mt-3"
        >
          <data-label-stub
            label="TRANSLATE:app.profile.about.teams.label"
            labelclasses="text-grey text-p3 uppercase tracking-wide"
            uppercase="true"
          >

            TRANSLATE:app.profile.about.teams.value

          </data-label-stub>

          <data-label-stub
            label="TRANSLATE:app.profile.about.sponsors.label"
            labelclasses="text-grey text-p3 uppercase tracking-wide"
            uppercase="true"
          >
            <span>
              TRANSLATE:app.profile.about.sponsors.value
            </span>
          </data-label-stub>
        </div>

        <div
          class="w-2/3"
        >
          <p
            class="text-grey-l1"
          >

            TRANSLATE:app.profile.about.vision.label

          </p>

          <p
            class="font-medium"
          >
            TRANSLATE:app.profile.about.vision.value
          </p>
        </div>
      </div>
    </div>
  </profile-header-partial-stub>

  <div
    class="profile-content-space mt-16 mb-16"
  >
    <div
      class="w-full"
    >
      <h3>
        TRANSLATE:app.profile.about.team.title
      </h3>
    </div>

    <div
      class="flex flex-wrap w-full mt-8 -mx-6"
    >
      <div
        class="w-1/3 px-6 py-4"
      >
        <employee-stub
          alt="Christian Karembeu"
          email="info@sponsoronline.eu"
          fullname="Christian Karembeu"
          position="Partner"
          src="\\"ck.jpg\\""
        />
      </div>
      <div
        class="w-1/3 px-6 py-4"
      >
        <employee-stub
          alt="Maximilian von Portatius"
          email="max@sponsoronline.eu"
          fullname="Maximilian von Portatius"
          position="General Manager"
          src="\\"mvp.jpeg\\""
        />
      </div>
      <div
        class="w-1/3 px-6 py-4"
      >
        <employee-stub
          alt="Andreas Tsochantaris"
          email="andreas@sponsoronline.eu"
          fullname="Andreas Tsochantaris"
          position="Head of Sales"
          src="\\"andreas_square.jpeg\\""
        />
      </div>
      <div
        class="w-1/3 px-6 py-4"
      >
        <employee-stub
          alt="Matej Kraus"
          email="matej@sponsoronline.eu"
          fullname="Matej Kraus"
          position="Research Manager"
          src="\\"mk.jpg\\""
        />
      </div>
      <div
        class="w-1/3 px-6 py-4"
      >
        <employee-stub
          alt="Edgar Oliver"
          email="edgar@sponsoronline.eu"
          fullname="Edgar Oliver"
          position="Partnership Manager"
          src="\\"edgar.jpg\\""
        />
      </div>
      <div
        class="w-1/3 px-6 py-4"
      >
        <employee-stub
          alt="Carolina Klees"
          email="carolina@sponsoronline.eu"
          fullname="Carolina Klees"
          position="Partnership Coordinator"
          src="\\"carolina.jpg\\""
        />
      </div>
    </div>
  </div>
</div>
`;
